// Jest Snapshot v1, https://goo.gl/fbAQLP

exports[`MappingWizard component renders the mapping wizard 1`] = `
<Modal
  dialogClassName="modal-lg wizard-pf"
  onExited={[MockFunction]}
  onHide={[Function]}
  show={true}
>
  <Wizard
    className=""
    embedded={false}
  >
    <ModalHeader
      closeButton={false}
    >
      <button
        aria-hidden="true"
        aria-label="Close"
        className="close"
        onClick={[Function]}
      >
        <Icon
          name="close"
          type="pf"
        />
      </button>
      <ModalTitle>
        Infrastructure Mapping Wizard
      </ModalTitle>
    </ModalHeader>
    <ModalBody
      className="wizard-pf-body clearfix"
    >
      <MappingWizardBody
        activeStepIndex={0}
        disableNextStep={false}
        goToStep={[Function]}
        loaded={true}
        mappingWizardClustersStep={Object {}}
        mappingWizardDatastoresStep={Object {}}
        mappingWizardGeneralStep={Object {}}
        mappingWizardNetworksStep={Object {}}
      />
    </ModalBody>
    <ModalFooter
      className="wizard-pf-footer"
    >
      <Button
        active={false}
        block={false}
        className="btn-cancel"
        disabled={false}
        onClick={[Function]}
      >
        Cancel
      </Button>
      <Button
        active={false}
        block={false}
        disabled={true}
        onClick={[Function]}
      >
        <Icon
          name="angle-left"
        />
        Back
      </Button>
      <Button
        active={false}
        block={false}
        bsStyle="primary"
        disabled={false}
        onClick={[Function]}
      >
        Next
        <Icon
          name="angle-right"
        />
      </Button>
    </ModalFooter>
  </Wizard>
  <WarningModal
    activeStepIndex={0}
    nextStep={[Function]}
    onFinalStep={false}
  />
</Modal>
`;
