// Jest Snapshot v1, https://goo.gl/fbAQLP

exports[`Nav component renders the navigation 1`] = `
<Component>
  <div>
    <Breadcrumb
      bsClass="breadcrumb"
    >
      <ol
        aria-label="breadcrumbs"
        className="breadcrumb"
        role="navigation"
      >
        <BreadcrumbItem
          active={false}
          href="#"
        >
          <li
            className=""
          >
            <SafeAnchor
              componentClass="a"
              href="#"
            >
              <a
                href="#"
                onClick={[Function]}
                onKeyDown={[Function]}
                role="button"
              >
                Compute
              </a>
            </SafeAnchor>
          </li>
        </BreadcrumbItem>
        <BreadcrumbItem
          active={false}
          href="#"
        >
          <li
            className=""
          >
            <SafeAnchor
              componentClass="a"
              href="#"
            >
              <a
                href="#"
                onClick={[Function]}
                onKeyDown={[Function]}
                role="button"
              >
                Migration
              </a>
            </SafeAnchor>
          </li>
        </BreadcrumbItem>
        <BreadcrumbItem
          active={true}
        >
          <li
            className="active"
          >
            <span>
              Overview
            </span>
          </li>
        </BreadcrumbItem>
      </ol>
    </Breadcrumb>
    <hr />
    <EmptyState>
      <div
        className="blank-slate-pf"
      >
        <EmptyStateIcon
          name="add-circle-o"
          type="pf"
        >
          <div
            className="blank-slate-pf-icon"
          >
            <Icon
              name="add-circle-o"
              type="pf"
            >
              <PatternflyIcon
                name="add-circle-o"
              >
                <span
                  aria-hidden="true"
                  className="pficon pficon-add-circle-o"
                />
              </PatternflyIcon>
            </Icon>
          </div>
        </EmptyStateIcon>
        <EmptyStateTitle>
          <h4
            className="h1 blank-slate-pf-title"
          >
            Empty State Title
          </h4>
        </EmptyStateTitle>
        <EmptyStateInfo>
          <p
            className="blank-slate-pf-info"
          >
            This is the Empty State component. The goal of a empty state pattern is to provide a good first impression that helps users to achieve their goals. It should be used when a view is empty because no objects exists and you want to guide the user to perform specific actions.
          </p>
        </EmptyStateInfo>
        <EmptyStateHelp>
          <p
            className="blank-slate-pf-helpLink"
          >
            For more information please see
            <a
              href="#"
            >
              pfExample
            </a>
          </p>
        </EmptyStateHelp>
        <EmptyStateAction>
          <div
            className="blank-slate-pf-main-action"
          >
            <Button
              bsSize="large"
              bsStyle="primary"
            >
              <Button
                active={false}
                block={false}
                bsClass="btn"
                bsSize="large"
                bsStyle="primary"
                disabled={false}
              >
                <button
                  className="btn btn-lg btn-primary"
                  disabled={false}
                  type="button"
                >
                  Main Action
                </button>
              </Button>
            </Button>
          </div>
        </EmptyStateAction>
        <EmptyStateAction
          secondary={true}
        >
          <div
            className="blank-slate-pf-secondary-action"
          >
            <Button
              title="Perform an action"
            >
              <Button
                active={false}
                block={false}
                bsClass="btn"
                bsStyle="default"
                disabled={false}
                title="Perform an action"
              >
                <button
                  className="btn btn-default"
                  disabled={false}
                  title="Perform an action"
                  type="button"
                >
                  Secondary Action 1
                </button>
              </Button>
            </Button>
            <Button
              title="Perform an action"
            >
              <Button
                active={false}
                block={false}
                bsClass="btn"
                bsStyle="default"
                disabled={false}
                title="Perform an action"
              >
                <button
                  className="btn btn-default"
                  disabled={false}
                  title="Perform an action"
                  type="button"
                >
                  Secondary Action 2
                </button>
              </Button>
            </Button>
            <Button
              title="Perform an action"
            >
              <Button
                active={false}
                block={false}
                bsClass="btn"
                bsStyle="default"
                disabled={false}
                title="Perform an action"
              >
                <button
                  className="btn btn-default"
                  disabled={false}
                  title="Perform an action"
                  type="button"
                >
                  Secondary Action 3
                </button>
              </Button>
            </Button>
          </div>
        </EmptyStateAction>
      </div>
    </EmptyState>
  </div>
</Component>
`;
