// Jest Snapshot v1, https://goo.gl/fbAQLP

exports[`MigrationsCompletedCard integration test should mount the MigrationsCompletedCard with mapStateToProps reduced 1`] = `Object {}`;
