// Jest Snapshot v1, https://goo.gl/fbAQLP

exports[`Overview integration test should mount the Overview with mapStateToProps reduced 1`] = `
Object {
  "activeTransformationPlans": Array [],
  "addNotificationAction": [Function],
  "clusters": Array [],
  "continueToPlanAction": [Function],
  "createTransformationPlanRequestAction": [Function],
  "deleteInfrastructureMappingAction": [Function],
  "fetchClustersAction": [Function],
  "fetchClustersUrl": "/api/dummyClusters",
  "fetchTransformationMappingsAction": [Function],
  "fetchTransformationMappingsUrl": "/api/dummyMappings",
  "fetchTransformationPlansAction": [Function],
  "fetchTransformationPlansUrl": "/api/dummyTransformationPlans",
  "finishedTransformationPlans": Array [],
  "finishedWithErrorTransformationPlans": Array [],
  "hideDeleteConfirmationModalAction": [Function],
  "hideMappingWizard": false,
  "hidePlanWizard": false,
  "isFetchingTransformationMappings": true,
  "isFetchingTransformationPlans": true,
  "isRejectedTransformationMappings": false,
  "mappingWizardVisible": false,
  "notStartedTransformationPlans": Array [],
  "planWizardVisible": false,
  "removeNotificationAction": [Function],
  "retryMigrationAction": [Function],
  "setMappingToDeleteAction": [Function],
  "setMigrationsFilterAction": [Function],
  "showDeleteConfirmationModalAction": [Function],
  "showMappingWizardAction": [Function],
  "showPlanWizardAction": [Function],
  "transformationMappings": Array [],
  "transformationPlans": Array [],
  "yesToDeleteInfrastructureMappingAction": [Function],
}
`;
